// Vitest Snapshot v1

exports[`should match snapshot 1`] = `
RouteNode {
  "children": [
    RouteNode {
      "children": [],
      "isDirectory": undefined,
      "layoutPath": undefined,
      "name": "$",
      "path": "example/src/routes/$.tsx",
    },
    RouteNode {
      "children": [
        RouteNode {
          "children": [],
          "isDirectory": undefined,
          "layoutPath": undefined,
          "name": "login",
          "path": "example/src/routes/__auth/login.tsx",
        },
      ],
      "isDirectory": true,
      "layoutPath": undefined,
      "name": "__auth",
      "path": "example/src/routes/__auth",
    },
    RouteNode {
      "children": [
        RouteNode {
          "children": [
            RouteNode {
              "children": [],
              "isDirectory": undefined,
              "layoutPath": undefined,
              "name": "$slug",
              "path": "example/src/routes/__panel/posts/$slug.tsx",
            },
            RouteNode {
              "children": [],
              "isDirectory": undefined,
              "layoutPath": undefined,
              "name": "create",
              "path": "example/src/routes/__panel/posts/create.tsx",
            },
            RouteNode {
              "children": [],
              "isDirectory": undefined,
              "layoutPath": undefined,
              "name": "index",
              "path": "example/src/routes/__panel/posts/index.tsx",
            },
          ],
          "isDirectory": true,
          "layoutPath": undefined,
          "name": "posts",
          "path": "example/src/routes/__panel/posts",
        },
        RouteNode {
          "children": [
            RouteNode {
              "children": [
                RouteNode {
                  "children": [],
                  "isDirectory": undefined,
                  "layoutPath": undefined,
                  "name": "index",
                  "path": "example/src/routes/__panel/users/$user/index.tsx",
                },
                RouteNode {
                  "children": [],
                  "isDirectory": undefined,
                  "layoutPath": undefined,
                  "name": "profile",
                  "path": "example/src/routes/__panel/users/$user/profile.tsx",
                },
                RouteNode {
                  "children": [],
                  "isDirectory": undefined,
                  "layoutPath": undefined,
                  "name": "settings",
                  "path": "example/src/routes/__panel/users/$user/settings.tsx",
                },
              ],
              "isDirectory": true,
              "layoutPath": "example/src/routes/__panel/users/$user.tsx",
              "name": "$user",
              "path": "example/src/routes/__panel/users/$user",
            },
            RouteNode {
              "children": [],
              "isDirectory": undefined,
              "layoutPath": undefined,
              "name": "index",
              "path": "example/src/routes/__panel/users/index.tsx",
            },
          ],
          "isDirectory": true,
          "layoutPath": "example/src/routes/__panel/users.tsx",
          "name": "users",
          "path": "example/src/routes/__panel/users",
        },
      ],
      "isDirectory": true,
      "layoutPath": "example/src/routes/__panel.tsx",
      "name": "__panel",
      "path": "example/src/routes/__panel",
    },
    RouteNode {
      "children": [],
      "isDirectory": undefined,
      "layoutPath": undefined,
      "name": "about",
      "path": "example/src/routes/about.tsx",
    },
    RouteNode {
      "children": [],
      "isDirectory": undefined,
      "layoutPath": undefined,
      "name": "index",
      "path": "example/src/routes/index.tsx",
    },
  ],
  "isDirectory": true,
  "layoutPath": undefined,
  "name": "/",
  "path": "example/src/routes",
}
`;
