// Vitest Snapshot v1

exports[`should generate the routes module 1`] = `
"import React from 'react';

export const routes = [{
  \\"path\\": \\"/\\",
  \\"children\\": [
    {
      \\"path\\": \\"*\\",
      \\"lazy\\": () => import(\\"/example/src/routes/$.tsx\\")
    },
    {
      \\"children\\": [
        {
          \\"path\\": \\"login\\",
          \\"lazy\\": () => import(\\"/example/src/routes/__auth/login.tsx\\")
        }
      ]
    },
    {
      \\"lazy\\": () => import(\\"/example/src/routes/__panel.tsx\\"),
      \\"children\\": [
        {
          \\"path\\": \\"posts\\",
          \\"children\\": [
            {
              \\"path\\": \\":slug\\",
              \\"lazy\\": () => import(\\"/example/src/routes/__panel/posts/$slug.tsx\\")
            },
            {
              \\"path\\": \\"create\\",
              \\"lazy\\": () => import(\\"/example/src/routes/__panel/posts/create.tsx\\")
            },
            {
              \\"index\\": true,
              \\"lazy\\": () => import(\\"/example/src/routes/__panel/posts/index.tsx\\")
            }
          ]
        },
        {
          \\"lazy\\": () => import(\\"/example/src/routes/__panel/users.tsx\\"),
          \\"path\\": \\"users\\",
          \\"children\\": [
            {
              \\"lazy\\": () => import(\\"/example/src/routes/__panel/users/$user.tsx\\"),
              \\"path\\": \\":user\\",
              \\"children\\": [
                {
                  \\"index\\": true,
                  \\"lazy\\": () => import(\\"/example/src/routes/__panel/users/$user/index.tsx\\")
                },
                {
                  \\"path\\": \\"profile\\",
                  \\"lazy\\": () => import(\\"/example/src/routes/__panel/users/$user/profile.tsx\\")
                },
                {
                  \\"path\\": \\"settings\\",
                  \\"lazy\\": () => import(\\"/example/src/routes/__panel/users/$user/settings.tsx\\")
                }
              ]
            },
            {
              \\"index\\": true,
              \\"lazy\\": () => import(\\"/example/src/routes/__panel/users/index.tsx\\")
            }
          ]
        }
      ]
    },
    {
      \\"path\\": \\"about\\",
      \\"lazy\\": () => import(\\"/example/src/routes/about.tsx\\")
    },
    {
      \\"index\\": true,
      \\"lazy\\": () => import(\\"/example/src/routes/index.tsx\\")
    }
  ]
}]
"
`;
